
> khanhub-monorepo@1.0.0 build:store
> npm --prefix apps/store run build


> store@1.0.0 build
> next build

  Γû▓ Next.js 14.2.35

   Creating an optimized production build ...
node.exe : Failed to compile.
At line:1 char:1
+ & "C:\Program Files\nodejs/node.exe" "C:\Program Files\nodejs/node_mo ...
+ ~~~~~~~~~~~~~~~~~~~~~~~~~~~~~~~~~~~~~~~~~~~~~~~~~~~~~~~~~~~~~~~~~~~~~
    + CategoryInfo          : NotSpecified: (Failed to compile.:String) [],  
   RemoteException
    + FullyQualifiedErrorId : NativeCommandError
 

./src/styles/globals.css.webpack[javascript/auto]!=!../../node_modules/next/d
ist/build/webpack/loaders/css-loader/src/index.js??ruleSet[1].rules[14].oneOf
[12].use[2]!../../node_modules/next/dist/build/webpack/loaders/postcss-loader
/src/index.js??ruleSet[1].rules[14].oneOf[12].use[3]!./src/styles/globals.css
Error: Cannot apply unknown utility class `btn-premium`
    at onInvalidCandidate 
(C:\Users\pc\Desktop\khanhub\node_modules\tailwindcss\dist\lib.js:21:1511)
    at Te 
(C:\Users\pc\Desktop\khanhub\node_modules\tailwindcss\dist\lib.js:16:36326)
    at 
C:\Users\pc\Desktop\khanhub\node_modules\tailwindcss\dist\lib.js:21:355
    at Rr 
(C:\Users\pc\Desktop\khanhub\node_modules\tailwindcss\dist\lib.js:3:1718)
    at _ 
(C:\Users\pc\Desktop\khanhub\node_modules\tailwindcss\dist\lib.js:3:1377)
    at $e 
(C:\Users\pc\Desktop\khanhub\node_modules\tailwindcss\dist\lib.js:21:172)
    at un 
(C:\Users\pc\Desktop\khanhub\node_modules\tailwindcss\dist\lib.js:38:294)
    at async cn 
(C:\Users\pc\Desktop\khanhub\node_modules\tailwindcss\dist\lib.js:38:631)
    at async Xr (C:\Users\pc\Desktop\khanhub\node_modules\@tailwindcss\node\d
ist\index.js:10:3417)
    at async p (C:\Users\pc\Desktop\khanhub\apps\store\node_modules\@tailwind
css\postcss\dist\index.js:8:3200)

Import trace for requested module:
./src/styles/globals.css.webpack[javascript/auto]!=!../../node_modules/next/d
ist/build/webpack/loaders/css-loader/src/index.js??ruleSet[1].rules[14].oneOf
[12].use[2]!../../node_modules/next/dist/build/webpack/loaders/postcss-loader
/src/index.js??ruleSet[1].rules[14].oneOf[12].use[3]!./src/styles/globals.css
./src/styles/globals.css

./src/styles/globals.css
Error: Cannot apply unknown utility class `btn-premium`
    at onInvalidCandidate 
(C:\Users\pc\Desktop\khanhub\node_modules\tailwindcss\dist\lib.js:21:1511)
    at Te 
(C:\Users\pc\Desktop\khanhub\node_modules\tailwindcss\dist\lib.js:16:36326)
    at 
C:\Users\pc\Desktop\khanhub\node_modules\tailwindcss\dist\lib.js:21:355
    at Rr 
(C:\Users\pc\Desktop\khanhub\node_modules\tailwindcss\dist\lib.js:3:1718)
    at _ 
(C:\Users\pc\Desktop\khanhub\node_modules\tailwindcss\dist\lib.js:3:1377)
    at $e 
(C:\Users\pc\Desktop\khanhub\node_modules\tailwindcss\dist\lib.js:21:172)
    at un 
(C:\Users\pc\Desktop\khanhub\node_modules\tailwindcss\dist\lib.js:38:294)
    at async cn 
(C:\Users\pc\Desktop\khanhub\node_modules\tailwindcss\dist\lib.js:38:631)
    at async Xr (C:\Users\pc\Desktop\khanhub\node_modules\@tailwindcss\node\d
ist\index.js:10:3417)
    at async p (C:\Users\pc\Desktop\khanhub\apps\store\node_modules\@tailwind
css\postcss\dist\index.js:8:3200)
    at tryRunOrWebpackError (C:\Users\pc\Desktop\khanhub\node_modules\next\di
st\compiled\webpack\bundle5.js:28:312989)
    at __webpack_require_module__ (C:\Users\pc\Desktop\khanhub\node_modules\n
ext\dist\compiled\webpack\bundle5.js:28:131165)
    at __nested_webpack_require_153728__ (C:\Users\pc\Desktop\khanhub\node_mo
dules\next\dist\compiled\webpack\bundle5.js:28:130607)
    at C:\Users\pc\Desktop\khanhub\node_modules\next\dist\compiled\webpack\bu
ndle5.js:28:131454
    at symbolIterator (C:\Users\pc\Desktop\khanhub\node_modules\next\dist\com
piled\neo-async\async.js:1:14444)
    at done (C:\Users\pc\Desktop\khanhub\node_modules\next\dist\compiled\neo-
async\async.js:1:14824)
    at Hook.eval [as callAsync] (eval at create (C:\Users\pc\Desktop\khanhub\
node_modules\next\dist\compiled\webpack\bundle5.js:13:28858), 
<anonymous>:15:1)
    at Hook.CALL_ASYNC_DELEGATE [as _callAsync] (C:\Users\pc\Desktop\khanhub\
node_modules\next\dist\compiled\webpack\bundle5.js:13:26012)
    at C:\Users\pc\Desktop\khanhub\node_modules\next\dist\compiled\webpack\bu
ndle5.js:28:130328
    at symbolIterator (C:\Users\pc\Desktop\khanhub\node_modules\next\dist\com
piled\neo-async\async.js:1:14402)
-- inner error --
Error: Cannot apply unknown utility class `btn-premium`
    at onInvalidCandidate 
(C:\Users\pc\Desktop\khanhub\node_modules\tailwindcss\dist\lib.js:21:1511)
    at Te 
(C:\Users\pc\Desktop\khanhub\node_modules\tailwindcss\dist\lib.js:16:36326)
    at 
C:\Users\pc\Desktop\khanhub\node_modules\tailwindcss\dist\lib.js:21:355
    at Rr 
(C:\Users\pc\Desktop\khanhub\node_modules\tailwindcss\dist\lib.js:3:1718)
    at _ 
(C:\Users\pc\Desktop\khanhub\node_modules\tailwindcss\dist\lib.js:3:1377)
    at $e 
(C:\Users\pc\Desktop\khanhub\node_modules\tailwindcss\dist\lib.js:21:172)
    at un 
(C:\Users\pc\Desktop\khanhub\node_modules\tailwindcss\dist\lib.js:38:294)
    at async cn 
(C:\Users\pc\Desktop\khanhub\node_modules\tailwindcss\dist\lib.js:38:631)
    at async Xr (C:\Users\pc\Desktop\khanhub\node_modules\@tailwindcss\node\d
ist\index.js:10:3417)
    at async p (C:\Users\pc\Desktop\khanhub\apps\store\node_modules\@tailwind
css\postcss\dist\index.js:8:3200)
    at Object.<anonymous> (C:\Users\pc\Desktop\khanhub\node_modules\next\dist
\build\webpack\loaders\css-loader\src\index.js??ruleSet[1].rules[14].oneOf[12
].use[2]!C:\Users\pc\Desktop\khanhub\node_modules\next\dist\build\webpack\loa
ders\postcss-loader\src\index.js??ruleSet[1].rules[14].oneOf[12].use[3]!C:\Us
ers\pc\Desktop\khanhub\apps\store\src\styles\globals.css:1:7)
    at C:\Users\pc\Desktop\khanhub\node_modules\next\dist\compiled\webpack\bu
ndle5.js:28:922493
    at Hook.eval [as call] (eval at create (C:\Users\pc\Desktop\khanhub\node_
modules\next\dist\compiled\webpack\bundle5.js:13:28636), <anonymous>:7:1)
    at Hook.CALL_DELEGATE [as _call] (C:\Users\pc\Desktop\khanhub\node_module
s\next\dist\compiled\webpack\bundle5.js:13:25906)
    at C:\Users\pc\Desktop\khanhub\node_modules\next\dist\compiled\webpack\bu
ndle5.js:28:131198
    at tryRunOrWebpackError (C:\Users\pc\Desktop\khanhub\node_modules\next\di
st\compiled\webpack\bundle5.js:28:312943)
    at __webpack_require_module__ (C:\Users\pc\Desktop\khanhub\node_modules\n
ext\dist\compiled\webpack\bundle5.js:28:131165)
    at __nested_webpack_require_153728__ (C:\Users\pc\Desktop\khanhub\node_mo
dules\next\dist\compiled\webpack\bundle5.js:28:130607)
    at C:\Users\pc\Desktop\khanhub\node_modules\next\dist\compiled\webpack\bu
ndle5.js:28:131454
    at symbolIterator (C:\Users\pc\Desktop\khanhub\node_modules\next\dist\com
piled\neo-async\async.js:1:14444)

Generated code for C:\Users\pc\Desktop\khanhub\node_modules\next\dist\build\w
ebpack\loaders\css-loader\src\index.js??ruleSet[1].rules[14].oneOf[12].use[2]
!C:\Users\pc\Desktop\khanhub\node_modules\next\dist\build\webpack\loaders\pos
tcss-loader\src\index.js??ruleSet[1].rules[14].oneOf[12].use[3]!C:\Users\pc\D
esktop\khanhub\apps\store\src\styles\globals.css

Import trace for requested module:
./src/styles/globals.css


> Build failed because of webpack errors
