apps/web/src/app/departments/rehab/dashboard/admin/staff/[id]/page.tsx(22,10): error TS2305: Module '"@/lib/rehab/growthPoints"' has no exported member 'getGrowthPoints'.
apps/web/src/app/departments/rehab/dashboard/admin/staff/[id]/page.tsx(22,27): error TS2724: '"@/lib/rehab/growthPoints"' has no exported member named 'calculateGrowthPoints'. Did you mean 'recalculateGrowthPoints'?
apps/web/src/app/departments/rehab/dashboard/admin/staff/[id]/page.tsx(179,24): error TS2339: Property 'role' does not exist on type 'StaffMember'.
apps/web/src/app/departments/rehab/dashboard/admin/staff/[id]/page.tsx(185,69): error TS2339: Property 'customId' does not exist on type 'StaffMember'.
apps/web/src/app/departments/rehab/dashboard/admin/staff/[id]/page.tsx(442,26): error TS2339: Property 'totalItems' does not exist on type 'DailyDutyLog'.
apps/web/src/app/departments/rehab/dashboard/admin/staff/[id]/page.tsx(442,44): error TS2339: Property 'completedItems' does not exist on type 'DailyDutyLog'.
apps/web/src/app/departments/rehab/dashboard/admin/staff/[id]/page.tsx(442,67): error TS2339: Property 'totalItems' does not exist on type 'DailyDutyLog'.
apps/web/src/app/departments/rehab/dashboard/admin/staff/[id]/page.tsx(444,26): error TS2339: Property 'completedItems' does not exist on type 'DailyDutyLog'.
apps/web/src/app/departments/rehab/dashboard/admin/staff/[id]/page.tsx(444,54): error TS2339: Property 'totalItems' does not exist on type 'DailyDutyLog'.
apps/web/src/app/departments/rehab/dashboard/admin/staff/[id]/page.tsx(448,24): error TS2339: Property 'items' does not exist on type 'DailyDutyLog'.
apps/web/src/app/departments/rehab/dashboard/admin/staff/[id]/page.tsx(448,35): error TS7006: Parameter 'item' implicitly has an 'any' type.
apps/web/src/app/departments/rehab/dashboard/admin/staff/[id]/page.tsx(448,41): error TS7006: Parameter 'idx' implicitly has an 'any' type.
apps/web/src/app/departments/rehab/dashboard/admin/staff/[id]/page.tsx(500,98): error TS2339: Property 'remarks' does not exist on type 'DailyDressLog'.
apps/web/src/app/departments/rehab/dashboard/admin/staff/page.tsx(65,52): error TS2352: Conversion of type '{ joiningDate: Date; duties: any; id: string; }' to type 'StaffMember' may be a mistake because neither type sufficiently overlaps with the other. If this was intentional, convert the expression to 'unknown' first.
  Type '{ joiningDate: Date; duties: any; id: string; }' is missing the following properties from type 'StaffMember': name, fatherName, employeeId, designation, and 8 more.
apps/web/src/app/departments/rehab/dashboard/admin/staff/page.tsx(366,112): error TS2339: Property 'role' does not exist on type 'StaffMember'.
apps/web/src/app/departments/rehab/dashboard/admin/staff/page.tsx(506,34): error TS2339: Property 'role' does not exist on type 'StaffMember'.
apps/web/src/app/departments/rehab/dashboard/admin/staff/page.tsx(751,106): error TS2339: Property 'role' does not exist on type 'StaffMember'.
apps/web/src/app/departments/rehab/dashboard/staff/page.tsx(53,23): error TS2352: Conversion of type '{ joiningDate: Date; duties: any; id: string; }' to type 'StaffMember' may be a mistake because neither type sufficiently overlaps with the other. If this was intentional, convert the expression to 'unknown' first.
  Type '{ joiningDate: Date; duties: any; id: string; }' is missing the following properties from type 'StaffMember': name, fatherName, employeeId, designation, and 8 more.
apps/web/src/app/departments/rehab/dashboard/staff/page.tsx(61,22): error TS2304: Cannot find name 'attSnap'.
apps/web/src/app/departments/rehab/dashboard/staff/page.tsx(61,45): error TS2304: Cannot find name 'attSnap'.
