.next/types/app/departments/welfare/dashboard/child/[patientId]/page.ts(2,24): error TS2307: Cannot find module '../../../../../../../../src/app/departments/welfare/dashboard/child/[patientId]/page.js' or its corresponding type declarations.
.next/types/app/departments/welfare/dashboard/child/[patientId]/page.ts(5,29): error TS2307: Cannot find module '../../../../../../../../src/app/departments/welfare/dashboard/child/[patientId]/page.js' or its corresponding type declarations.
.next/types/app/departments/welfare/setup/page.ts(2,24): error TS2307: Cannot find module '../../../../../../src/app/departments/welfare/setup/page.js' or its corresponding type declarations.
.next/types/app/departments/welfare/setup/page.ts(5,29): error TS2307: Cannot find module '../../../../../../src/app/departments/welfare/setup/page.js' or its corresponding type declarations.
src/app/departments/job-center/page.tsx(28,70): error TS2339: Property 'seekerId' does not exist on type 'JobCenterUser'.
src/app/departments/sukoon/page.tsx(28,66): error TS2339: Property 'clientId' does not exist on type 'SukoonUser'.
src/app/departments/welfare/dashboard/child/page.tsx(17,55): error TS2339: Property 'childId' does not exist on type 'WelfareSession'.
src/app/departments/welfare/dashboard/child/page.tsx(19,70): error TS2339: Property 'childId' does not exist on type 'WelfareSession'.
src/app/departments/welfare/dashboard/layout.tsx(53,3): error TS1117: An object literal cannot have multiple properties with the same name.
src/app/departments/welfare/dashboard/layout.tsx(162,30): error TS2304: Cannot find name 'RehabRole'.
src/app/departments/welfare/dashboard/layout.tsx(279,114): error TS7053: Element implicitly has an 'any' type because expression of type 'any' can't be used to index type 'Record<WelfareRole, string>'.
src/app/departments/welfare/dashboard/layout.tsx(280,23): error TS7053: Element implicitly has an 'any' type because expression of type 'any' can't be used to index type 'Record<WelfareRole, string>'.
src/app/departments/welfare/dashboard/layout.tsx(343,95): error TS7053: Element implicitly has an 'any' type because expression of type 'any' can't be used to index type 'Record<WelfareRole, string>'.
src/app/departments/welfare/dashboard/layout.tsx(343,130): error TS7053: Element implicitly has an 'any' type because expression of type 'any' can't be used to index type 'Record<WelfareRole, string>'.
src/app/departments/welfare/dashboard/layout.tsx(349,112): error TS7053: Element implicitly has an 'any' type because expression of type 'any' can't be used to index type 'Record<WelfareRole, string>'.
src/app/departments/welfare/dashboard/layout.tsx(349,147): error TS7053: Element implicitly has an 'any' type because expression of type 'any' can't be used to index type 'Record<WelfareRole, string>'.
src/app/departments/welfare/dashboard/superadmin/users/page.tsx(6,33): error TS2305: Module '"../../../actions/createWelfareUser"' has no exported member 'deactivateRehabUser'.
src/app/departments/welfare/dashboard/superadmin/users/page.tsx(6,54): error TS2305: Module '"../../../actions/createWelfareUser"' has no exported member 'resetRehabPassword'.
src/app/departments/welfare/dashboard/superadmin/users/page.tsx(15,40): error TS2304: Cannot find name 'RehabUser'.
src/app/departments/welfare/dashboard/superadmin/users/page.tsx(16,42): error TS2304: Cannot find name 'RehabUser'.
src/app/departments/welfare/dashboard/superadmin/users/page.tsx(32,79): error TS2304: Cannot find name 'RehabUser'.
src/app/departments/welfare/dashboard/superadmin/users/page.tsx(33,115): error TS2304: Cannot find name 'RehabUser'.
src/app/departments/welfare/dashboard/superadmin/users/page.tsx(83,23): error TS2552: Cannot find name 'deactivateWelfareUser'. Did you mean 'deactivateRehabUser'?
src/app/departments/welfare/dashboard/superadmin/users/page.tsx(95,23): error TS2552: Cannot find name 'resetWelfarePassword'. Did you mean 'resetRehabPassword'?
src/app/departments/welfare/page.tsx(27,11): error TS2367: This comparison appears to be unintentional because the types 'WelfareRole' and '"child"' have no overlap.
src/app/hq/dashboard/manager/users/page.tsx(62,3): error TS2305: Module '"lucide-react"' has no exported member 'HandHeart'.
